5737953
8296749
14544711
97355141
74634037
6248030
15846389
17228283
4520035
45845681
1782723
13844473
15876028
14106614
59061628
25930437
82230645
5071870
1113615
2267117
16647914
13023007
12294544
229047
29148595
24994289
36263146
63752501
9061827
26201571
45929442
25639913
69543332
31848481
17427246
2490210
59154276
83606286
34086206
11841160
22963318
23815913
28002600
3257163
21320268
47456942
18888289
16291203
1452004
20558763
59788647
75937506
3054857
12862151
26854231
36371589
5651127
73630395
39667809
368648
31159223
1703617
11590395
76456582
57143216
3678779
63177585
19724986
35266229
58382961
4367342
39209314
77904960
10103779
48909189
37064249
17396459
7941919
29701509
22797233
144911
76497273
9988464
30079267
52789866
84645650
3628560
34689845
4460674
109532084
650770
508460
47962621
8175711
33770998
2277261
6715266
13110830
23757680
1809234
