2807851
1046951
9057471
44937846
4407590
12128342
75497229
104557871
88252990
7300731
1761220
28513746
2506286
3184218
155580
66194433
9002775
9102548
93927515
113594771
27987
36322513
62110984
20157999
41463696
622382
31858126
80983102
23620418
7110376
114996763
15169
120257757
1699994
2346958
21056347
10783542
55960582
805997
16618749
10064289
26799491
7461525
30271644
2758311
7712712
49816842
788641
15252168
15106779
10112707
17633443
48327491
77068170
3627441
68778311
11312814
100927551
45051592
5000429
1165280
13544290
17777576
69467302
62332843
32840381
9446018
124300712
8932708
38336433
33986718
81845669
5999426
3597022
100311
20034186
7229218
38547352
5771494
59640110
25687574
27609005
97664134
31370341
8048532
30197469
14689182
51268094
24864252
4239557
48769110
6202392
52901632
51447265
16660337
8102083
955541
6339594
27737859
25580598
