15264603
76023137
7716631
9900226
12804118
51054946
6876938
1377298
76348677
26295975
42375363
23050762
666825
10452284
46333702
97637644
1603427
89107
28411736
39411634
31569264
96639806
43433550
3347715
30336875
540383
46959381
2865433
71815116
35297
25378360
4157194
489667
78629059
668348
5879298
39042377
1081990
1106514
8561414
38846961
74468993
75462613
25074363
124215414
104004628
25489517
12424299
11398999
9377744
17171920
20106707
7339416
18667648
6556864
57669179
50000978
17736564
21763479
11167187
19237900
43515752
102745171
4040850
67135005
10430436
40048988
7822744
134178
24001175
7040173
28952874
49688902
19599318
38094926
67847535
21577477
7161737
11286577
1560408
2586626
15927324
2326297
60571116
12052842
2304150
1296245
26425022
30077166
33376524
8317915
11088154
26977854
27543583
7486651
8219656
26635918
16344077
21492047
19004000
