1438
3824
479
3073
6722
2446
962
330
1466
252
224
851
1012
1015
8292
551
492
2663
501
2797
2913
973
505
8285
10632
1464
9731
731
5526
121
471
4968
501
1430
54
6085
2175
2052
754
4099
3095
2346
543
764
2359
4437
7462
836
10621
43
3261
5755
2569
1020
370
6310
89
8418
142
1077
256
1313
4479
305
2257
9415
1985
4137
6193
8130
440
8118
5317
676
2240
2438
0
3529
80
2876
5
1134
197
1414
4783
6953
3291
6212
6170
2231
8145
139
773
3431
1952
248
5964
2127
2058
2697