1585
3093
1246
5458
392
6806
5828
501
1879
2037
2127
235
404
8634
9267
1087
236
62
2230
4073
2369
4625
8912
1973
1988
10303
135
4
4339
2030
410
46
17
9794
1396
6972
162
1146
902
3367
531
3547
1332
178
1072
407
2069
7071
1190
731
2299
1036
2578
8441
9512
1933
102
2399
120
181
2390
4033
1381
545
444
3561
8744
92
55
7832
13
4438
2214
1522
365
5260
2667
5237
866
461
174
9
273
0
3506
5
5975
1773
1522
362
228
147
790
303
964
11
8833
3665
147
367
