5045648
25387967
71922933
68544225
5465165
5409441
1888885
23127344
34591433
923429
64644712
59206084
32619622
24374874
31824547
6774632
5520689
17320686
17377888
2709792
51474443
43569335
9117923
33786588
6123561
33727449
17028189
34802133
17881200
2574536
11017633
5451
70136765
23879928
1177625
772481
30057260
26415020
45623485
30847998
77328077
53073627
45431609
14580282
42339040
11433695
25548402
20868035
10883814
7696430
13373253
15449582
82784389
19002571
1024840
867435
31729512
24670120
47960944
115956848
76084267
21921161
29402215
35877580
45581537
37757772
2334551
43738975
3092061
25620839
16724073
88699104
34912391
23198191
308595
562291
24442870
9907880
19041240
47507702
28225813
24073097
74486028
8155014
39272950
3375461
8005925
88318262
19975039
42706561
5734385
28404537
502083
22806904
61183310
32607511
83353902
3515345
96776489
7706342
