2914042
37740912
13619421
12136761
43229769
24333679
29840055
14463983
4824551
79033438
29763340
11607102
37652715
25937251
8472230
96236431
49451738
18297057
3299683
82819800
22838262
11551883
7255431
10279578
94689016
4715798
109588397
37941638
19921554
54584748
23466127
34857295
74217820
7178808
9313360
238701
74825145
74485913
21290097
15325112
18932422
822179
75355658
50290645
63576862
46821327
582546
57158313
12782769
1329470
72920192
7250161
309650
71098111
66631555
37783724
58708650
10789089
2292791
17773796
21033555
5883301
5455490
620223
54419774
78223656
21383663
74878441
56014125
3276423
37882055
12161759
5235451
19141620
1485181
97542101
117693002
48052591
94465619
13140919
12320509
15324955
99651260
1755112
2154734
57304770
4070948
78036758
69127164
52518851
9014464
13792090
582306
846946
53745013
29362627
25488531
67386345
2426812
16140658
