64527093
1174369
61365593
12017834
77970378
5854463
8272036
28566165
37015389
11233610
2252989
14482710
112792297
40099812
3025319
21019180
61893258
21166331
49387788
4450057
44776534
232606
22673820
16812651
50549324
64396526
344644
80596406
27425927
859940
32389191
7065448
31705897
30916420
41947217
25773072
5825620
4580680
13639179
21984380
26161283
77531650
15816324
9627960
64624957
5810441
59358800
29699731
9306041
44470976
62908256
16882351
58162129
30549475
63136294
11997506
3011276
970360
11991351
1138565
1019623
70875555
18413945
116112910
62402779
101722038
4538761
52183558
23391177
11428587
25097255
9066499
728376
3575326
27095928
3552633
48292032
13447403
2457869
1110124
71291
5437830
84772697
29067592
36334905
19929718
7872608
38343329
18828493
13926671
5163535
4959387
19536105
119701535
50518022
46543165
42887996
67025330
1111172
4776206
