42894621
55028678
34905370
26514296
3688395
90682857
1050323
49160027
56262963
78105841
62282303
4326792
97774934
8574942
40336961
24633527
24646906
9249630
22439559
4871440
1414853
8732937
15430438
5420136
7060757
4911057
70009626
3253778
37746167
1082246
95035657
32219192
77804393
68054898
86045339
11677281
20648782
7540970
2020587
15233435
1670965
6720577
8384467
67362751
26704826
1289935
3661395
61184795
10902816
12555996
5465678
74357912
35942737
338480
35211184
32847390
30203927
166895
79732644
6041276
2392800
7196913
48249280
28502927
62947556
88408856
49027926
1625962
16968124
18163986
1935966
5059446
6676920
23826246
96090420
2310411
22608115
45041194
20636453
12017988
40342565
5849825
5663855
11817037
2513402
73072090
39634781
35001069
3714134
14239818
371023
78252862
5124959
14352578
11516326
7199982
55247104
28797035
16277232
61757641
