2008
8709
5977
198
2808
4219
2221
81
4793
5041
3899
2380
575
9273
6507
3240
2034
209
5424
543
4476
1652
608
548
210
5594
400
485
764
727
29
5481
3338
1408
2658
2110
1935
437
1277
5531
1994
8287
521
1904
6268
3121
4009
5996
241
924
108
47
3247
5685
961
3016
2077
1715
910
2489
340
525
0
17
477
1429
524
180
26
1331
871
5644
5456
5699
2708
4753
592
54
2034
449
528
996
8209
682
0
7305
7204
43
3554
2187
9665
9100
6973
361
6951
2278
0
2055
2150
1288
