92258675
32089643
56521626
966993
69094578
25045403
5924805
18935402
35060664
48851690
28526046
28601512
2840856
15308544
65521798
14432234
53733630
79457618
106300764
60341080
8154563
31760847
32585131
1649879
21739705
13388787
6588414
90420075
18896469
28042065
1216459
17397799
3077821
7733797
3151006
749314
15625601
1010688
16290241
102208174
2383110
6722712
103089289
22451510
4009985
6885447
30935
57378085
87784
3735109
623161
42700784
32876564
29952272
13105365
951966
4459924
2131211
80359721
6603102
28063673
84138943
13022721
6703257
47903331
51088900
91496668
16372299
19569136
53423739
11324204
35715250
2090629
9164554
1176940
34088894
18077780
36198064
1893363
29123213
11115684
12384379
80906246
27811524
50260513
60893702
3887073
670795
2217046
6228275
120314576
9241756
12329290
78631107
4929147
26903287
83532714
4475759
19867355
2293920
