1141
3149
2377
871
370
4113
73
2099
7992
5470
865
1585
179
6234
99
1551
2959
358
5
568
299
403
7411
987
271
895
1598
562
2354
894
6380
1892
362
2974
1707
1326
416
97
9412
506
8148
8436
559
1158
4114
4
821
2330
1066
3181
7927
683
1744
199
507
218
1010
2772
136
1364
8380
79
21
10677
170
408
4707
1021
7492
938
331
1417
2899
687
0
1620
3291
393
6775
1191
866
4101
171
2659
993
4036
159
3354
496
3058
322
3993
2037
1518
2140
1504
319
631
612
4123