336991
9699263
6321668
37767792
16634940
45295662
22477069
17393619
16356665
50906157
42529170
4989378
14345981
14004469
45102704
17741768
5654959
1376944
16714673
15007852
14173228
191451
12098452
6483554
6203136
13759464
9420697
29283188
55731036
52929667
72196990
36613177
602634
41716014
117653864
73858
6316597
11029696
29559419
46535804
8182371
12883605
60174421
54547510
1000826
74777203
3172290
367271
118029368
7778051
17977242
4342798
40865649
447485
84874053
29311932
19495770
31245762
3932575
37723522
7393540
96856249
40035746
61730098
2819383
16844602
25777950
6903646
10858106
68619298
22453571
10223608
85450507
52886171
24578321
2290652
16305107
19759972
9366398
14006410
34684319
14760880
17782734
78007488
39569018
7697558
53815936
752283
12049052
73005787
2978694
13834377
19122996
62572828
25797491
34196781
118925917
43167511
3669211
1023782
