13538125
286637
37621708
2104820
42310423
88700833
1413700
43140032
15013733
10916670
73794379
5893341
68067517
77385026
21082968
4224513
80783303
8665790
32474702
6210164
16891176
21254611
25780314
9029913
12812398
18232602
1380558
4212753
25673424
15181594
2049693
1306931
1735000
10724633
32909350
76017501
49449805
5673548
2234234
86044296
3387557
40794067
41549617
24210346
30403781
4285868
23995965
45738970
13648098
5794403
13427604
2418301
23287729
9512715
21446803
5889125
27546593
59967408
26945798
64624697
61725657
42882411
86386054
41144212
20097668
5517293
223749
31631822
87168337
12491604
5094839
37507595
29058080
7880280
11044854
33972869
44362026
78524259
6233745
15084704
42935802
23636438
74798541
76052104
55531128
31140286
17928465
14378839
21590453
6821382
87420740
24526232
47412330
24036632
105478007
87246373
70488519
83137640
7460087
9603993
