95
1165
379
156
1237
8067
8092
8826
1706
5442
845
558
367
8702
6993
3100
3100
1247
1053
712
4666
6243
852
1860
1300
2668
1776
5005
562
486
531
2433
2816
998
10
5040
651
353
274
7452
2078
1377
5
8058
571
2507
8
1
8326
145
4317
451
3982
518
358
251
7011
5
4102
148
6773
2347
3580
5208
140
4100
4395
3248
718
1700
1088
1545
198
30
875
6599
469
2985
933
88
5169
1475
10592
67
1178
8999
197
668
476
1476
54
0
981
2053
1657
17
9401
390
2591
5955
