29117652
11982977
4362944
2338445
29585599
38927426
35685973
11297014
18485259
29140711
11056090
1749382
25260756
969772
47087059
24264910
22757687
3833794
36795462
4989127
36392145
3101120
53478281
29734604
1637878
44953210
34833187
22894410
12209317
36997796
13277094
69587683
19114967
402001
26405794
23995137
14789071
14199440
10222818
8381348
91985154
6446249
1636241
2967826
9264625
1607232
48475958
84600527
30903115
29966915
95776508
8547828
83859464
49667386
1317700
35671583
14627837
71462174
22154153
41767308
1327262
112776002
20856904
781080
44174202
18504143
77156568
37152352
20178632
36473
39488266
16939082
44138401
32028531
66055116
24845920
27298517
39490398
22029864
15586
6036042
32011484
5105395
112076664
25349905
2066460
74339717
29677232
604874
40008607
66294368
53489832
10353989
95356259
29471300
61062307
17239240
69745710
17934111
11631455
