2003
3483
3310
1568
614
361
874
162
282
1681
3
183
4492
1342
2908
711
5242
4019
3721
5477
2008
1088
3229
582
1998
2072
1480
98
209
1037
53
829
4665
8345
370
931
2167
1103
1980
8184
283
243
3624
5640
881
209
230
6604
3413
483
291
155
963
3190
861
271
210
4944
1184
3919
1528
2572
1434
7981
125
9748
3363
2646
1575
796
6994
594
8414
8629
683
9351
308
3722
2003
535
3608
845
3415
163
2369
981
683
24
8142
3296
754
5130
7405
2002
5
231
706
1160
4266
7223
