8079926
84587221
13996715
17138172
449078
11988812
1713665
36871427
89006247
74451210
91880724
34472339
3554796
32832506
1084140
5426236
12051018
7794515
46529913
2731692
73491874
30590651
10742061
110473877
7850259
9831220
91328426
34881176
34553211
10157254
5273132
13434290
494056
12358222
1907942
9129832
115137
26414680
22369649
7430143
118104699
6610021
103482438
30646474
88445053
42650567
26559160
25857
900869
57244112
70398525
25128754
65217060
1503419
8142752
93708644
57265159
10281426
36410430
7301293
72938861
20486930
58940653
24913432
19849147
332725
19710577
117149306
12284584
77143592
10999123
912689
4885047
41000955
3002216
46233350
39962781
3125744
251122
1079495
51248014
10533719
446248
1610343
63377413
3762696
28011136
16579625
8478886
2784844
6156894
9604381
9707527
1851358
106722983
38535042
564324
34983437
51333469
1882762
