23
1246
598
2146
807
6767
84
30
6297
7
6711
862
1
357
9513
3485
7852
5060
4
5109
125
491
51
0
546
750
13
1465
3548
4622
5316
1489
105
3166
1255
971
8266
4107
3481
579
1810
594
2036
0
889
4851
909
317
3190
6437
3812
8577
3716
505
1721
688
97
866
177
5933
1133
395
5813
3033
3322
393
42
201
611
2673
2877
1356
1142
366
2943
113
194
3742
454
2742
5396
701
70
6695
8143
209
1700
171
23
8531
930
5062
1722
615
3106
7755
539
861
816
208
