124
5548
10649
2567
676
2889
3560
608
97
163
2256
2443
1035
6610
689
22
8
5374
1593
38
452
8727
1007
3371
3706
1425
5098
2062
7371
1352
8882
1097
313
888
277
568
2651
535
155
6637
5238
4090
2714
6342
31
302
1206
53
159
233
2082
9082
476
4826
3054
1668
3557
1715
1639
2920
8046
2655
466
1580
1351
257
1634
1301
3289
2341
16
1085
1283
88
557
3250
482
247
9913
2490
174
6899
87
8488
4038
74
3252
495
4159
2200
133
719
2053
147
691
4623
361
1545
5677
1
